000 (13992293.000.000) 2026-04-10 11:09:20 Job submitted from host: <172.30.1.200:9618?addrs=172.30.1.200-9618&alias=tamsa2&noUDP&sock=schedd_2583_4d37>
    DAG Node: boost_DY
...
000 (13992294.000.000) 2026-04-10 11:09:20 Job submitted from host: <172.30.1.200:9618?addrs=172.30.1.200-9618&alias=tamsa2&noUDP&sock=schedd_2583_4d37>
    DAG Node: boost_FLV
...
000 (13992295.000.000) 2026-04-10 11:09:20 Job submitted from host: <172.30.1.200:9618?addrs=172.30.1.200-9618&alias=tamsa2&noUDP&sock=schedd_2583_4d37>
    DAG Node: boost_sr
...
000 (13992296.000.000) 2026-04-10 11:09:20 Job submitted from host: <172.30.1.200:9618?addrs=172.30.1.200-9618&alias=tamsa2&noUDP&sock=schedd_2583_4d37>
    DAG Node: resolve_DY
...
000 (13992297.000.000) 2026-04-10 11:09:20 Job submitted from host: <172.30.1.200:9618?addrs=172.30.1.200-9618&alias=tamsa2&noUDP&sock=schedd_2583_4d37>
    DAG Node: resolve_FLV
...
000 (13992298.000.000) 2026-04-10 11:09:20 Job submitted from host: <172.30.1.200:9618?addrs=172.30.1.200-9618&alias=tamsa2&noUDP&sock=schedd_2583_4d37>
    DAG Node: resolve_sr
...
001 (13992297.000.000) 2026-04-10 11:09:40 Job executing on host: <172.30.1.201:9618?addrs=172.30.1.201-9618&alias=node-w1.localdomain&noUDP&sock=startd_4216_675f>
	SlotName: slot1_2@node-w1.localdomain
	CondorScratchDir = "/var/lib/condor/execute/dir_134349"
	Cpus = 1
	Disk = 2098176
	GPUs = 0
	Memory = 4096
...
001 (13992296.000.000) 2026-04-10 11:09:40 Job executing on host: <172.30.1.201:9618?addrs=172.30.1.201-9618&alias=node-w1.localdomain&noUDP&sock=startd_4216_675f>
	SlotName: slot1_6@node-w1.localdomain
	CondorScratchDir = "/var/lib/condor/execute/dir_134353"
	Cpus = 1
	Disk = 2098176
	GPUs = 0
	Memory = 4096
...
001 (13992295.000.000) 2026-04-10 11:09:40 Job executing on host: <172.30.1.201:9618?addrs=172.30.1.201-9618&alias=node-w1.localdomain&noUDP&sock=startd_4216_675f>
	SlotName: slot1_5@node-w1.localdomain
	CondorScratchDir = "/var/lib/condor/execute/dir_134352"
	Cpus = 1
	Disk = 2098176
	GPUs = 0
	Memory = 4096
...
001 (13992294.000.000) 2026-04-10 11:09:40 Job executing on host: <172.30.1.201:9618?addrs=172.30.1.201-9618&alias=node-w1.localdomain&noUDP&sock=startd_4216_675f>
	SlotName: slot1_4@node-w1.localdomain
	CondorScratchDir = "/var/lib/condor/execute/dir_134351"
	Cpus = 1
	Disk = 2098176
	GPUs = 0
	Memory = 4096
...
001 (13992298.000.000) 2026-04-10 11:09:40 Job executing on host: <172.30.1.201:9618?addrs=172.30.1.201-9618&alias=node-w1.localdomain&noUDP&sock=startd_4216_675f>
	SlotName: slot1_3@node-w1.localdomain
	CondorScratchDir = "/var/lib/condor/execute/dir_134350"
	Cpus = 1
	Disk = 2098176
	GPUs = 0
	Memory = 4096
...
001 (13992293.000.000) 2026-04-10 11:09:40 Job executing on host: <172.30.1.201:9618?addrs=172.30.1.201-9618&alias=node-w1.localdomain&noUDP&sock=startd_4216_675f>
	SlotName: slot1_1@node-w1.localdomain
	CondorScratchDir = "/var/lib/condor/execute/dir_134348"
	Cpus = 1
	Disk = 2098176
	GPUs = 0
	Memory = 4096
...
005 (13992295.000.000) 2026-04-10 11:26:21 Job terminated.
	(1) Normal termination (return value 0)
		Usr 0 00:09:09, Sys 0 00:00:43  -  Run Remote Usage
		Usr 0 00:00:00, Sys 0 00:00:00  -  Run Local Usage
		Usr 0 00:09:09, Sys 0 00:00:43  -  Total Remote Usage
		Usr 0 00:00:00, Sys 0 00:00:00  -  Total Local Usage
	0  -  Run Bytes Sent By Job
	0  -  Run Bytes Received By Job
	0  -  Total Bytes Sent By Job
	0  -  Total Bytes Received By Job
	Partitionable Resources :    Usage  Request Allocated 
	   Cpus                 :     0.63        1         1 
	   Disk (KB)            :     2     2097152   2098176 
	   GPUs                 :                           0 
	   Memory (MB)          :   160        4096      4096 
	   TimeExecute (s)      :  1001                       
	   TimeSlotBusy (s)     :  1001                       

	Job terminated of its own accord at 2026-04-10T02:26:21Z with exit-code 0.
...
005 (13992298.000.000) 2026-04-10 11:26:29 Job terminated.
	(1) Normal termination (return value 0)
		Usr 0 00:09:05, Sys 0 00:00:53  -  Run Remote Usage
		Usr 0 00:00:00, Sys 0 00:00:00  -  Run Local Usage
		Usr 0 00:09:05, Sys 0 00:00:53  -  Total Remote Usage
		Usr 0 00:00:00, Sys 0 00:00:00  -  Total Local Usage
	0  -  Run Bytes Sent By Job
	0  -  Run Bytes Received By Job
	0  -  Total Bytes Sent By Job
	0  -  Total Bytes Received By Job
	Partitionable Resources :    Usage  Request Allocated 
	   Cpus                 :     0.18        1         1 
	   Disk (KB)            :     2     2097152   2098176 
	   GPUs                 :                           0 
	   Memory (MB)          :   155        4096      4096 
	   TimeExecute (s)      :  1009                       
	   TimeSlotBusy (s)     :  1010                       

	Job terminated of its own accord at 2026-04-10T02:26:29Z with exit-code 0.
...
005 (13992297.000.000) 2026-04-10 11:33:51 Job terminated.
	(1) Normal termination (return value 0)
		Usr 0 00:13:47, Sys 0 00:01:05  -  Run Remote Usage
		Usr 0 00:00:00, Sys 0 00:00:00  -  Run Local Usage
		Usr 0 00:13:47, Sys 0 00:01:05  -  Total Remote Usage
		Usr 0 00:00:00, Sys 0 00:00:00  -  Total Local Usage
	0  -  Run Bytes Sent By Job
	0  -  Run Bytes Received By Job
	0  -  Total Bytes Sent By Job
	0  -  Total Bytes Received By Job
	Partitionable Resources :    Usage  Request Allocated 
	   Cpus                 :     0.38        1         1 
	   Disk (KB)            :     2     2097152   2098176 
	   GPUs                 :                           0 
	   Memory (MB)          :   156        4096      4096 
	   TimeExecute (s)      :  1450                       
	   TimeSlotBusy (s)     :  1452                       

	Job terminated of its own accord at 2026-04-10T02:33:50Z with exit-code 0.
...
005 (13992293.000.000) 2026-04-10 11:47:36 Job terminated.
	(1) Normal termination (return value 0)
		Usr 0 00:22:43, Sys 0 00:01:43  -  Run Remote Usage
		Usr 0 00:00:00, Sys 0 00:00:00  -  Run Local Usage
		Usr 0 00:22:43, Sys 0 00:01:43  -  Total Remote Usage
		Usr 0 00:00:00, Sys 0 00:00:00  -  Total Local Usage
	0  -  Run Bytes Sent By Job
	0  -  Run Bytes Received By Job
	0  -  Total Bytes Sent By Job
	0  -  Total Bytes Received By Job
	Partitionable Resources :    Usage  Request Allocated 
	   Cpus                 :     0.55        1         1 
	   Disk (KB)            :     2     2097152   2098176 
	   GPUs                 :                           0 
	   Memory (MB)          :   159        4096      4096 
	   TimeExecute (s)      :  2276                       
	   TimeSlotBusy (s)     :  2277                       

	Job terminated of its own accord at 2026-04-10T02:47:36Z with exit-code 0.
...
005 (13992296.000.000) 2026-04-10 12:02:09 Job terminated.
	(1) Normal termination (return value 0)
		Usr 0 00:32:14, Sys 0 00:02:31  -  Run Remote Usage
		Usr 0 00:00:00, Sys 0 00:00:00  -  Run Local Usage
		Usr 0 00:32:14, Sys 0 00:02:31  -  Total Remote Usage
		Usr 0 00:00:00, Sys 0 00:00:00  -  Total Local Usage
	0  -  Run Bytes Sent By Job
	0  -  Run Bytes Received By Job
	0  -  Total Bytes Sent By Job
	0  -  Total Bytes Received By Job
	Partitionable Resources :    Usage  Request Allocated 
	   Cpus                 :     0.55        1         1 
	   Disk (KB)            :     2     2097152   2098176 
	   GPUs                 :                           0 
	   Memory (MB)          :   158        4096      4096 
	   TimeExecute (s)      :  3149                       
	   TimeSlotBusy (s)     :  3149                       

	Job terminated of its own accord at 2026-04-10T03:02:09Z with exit-code 0.
...
005 (13992294.000.000) 2026-04-10 12:02:50 Job terminated.
	(1) Normal termination (return value 0)
		Usr 0 00:32:33, Sys 0 00:02:32  -  Run Remote Usage
		Usr 0 00:00:00, Sys 0 00:00:00  -  Run Local Usage
		Usr 0 00:32:33, Sys 0 00:02:32  -  Total Remote Usage
		Usr 0 00:00:00, Sys 0 00:00:00  -  Total Local Usage
	0  -  Run Bytes Sent By Job
	0  -  Run Bytes Received By Job
	0  -  Total Bytes Sent By Job
	0  -  Total Bytes Received By Job
	Partitionable Resources :    Usage  Request Allocated 
	   Cpus                 :     0.57        1         1 
	   Disk (KB)            :     2     2097152   2098176 
	   GPUs                 :                           0 
	   Memory (MB)          :   163        4096      4096 
	   TimeExecute (s)      :  3190                       
	   TimeSlotBusy (s)     :  3191                       

	Job terminated of its own accord at 2026-04-10T03:02:50Z with exit-code 0.
...
000 (13992299.000.000) 2026-04-10 12:02:58 Job submitted from host: <172.30.1.200:9618?addrs=172.30.1.200-9618&alias=tamsa2&noUDP&sock=schedd_2583_4d37>
    DAG Node: organize
...
001 (13992299.000.000) 2026-04-10 12:03:00 Job executing on host: <172.30.1.201:9618?addrs=172.30.1.201-9618&alias=node-w1.localdomain&noUDP&sock=startd_4216_675f>
	SlotName: slot1_1@node-w1.localdomain
	CondorScratchDir = "/var/lib/condor/execute/dir_153915"
	Cpus = 1
	Disk = 2098176
	GPUs = 0
	Memory = 4096
...
005 (13992299.000.000) 2026-04-10 12:03:16 Job terminated.
	(1) Normal termination (return value 0)
		Usr 0 00:00:00, Sys 0 00:00:00  -  Run Remote Usage
		Usr 0 00:00:00, Sys 0 00:00:00  -  Run Local Usage
		Usr 0 00:00:00, Sys 0 00:00:00  -  Total Remote Usage
		Usr 0 00:00:00, Sys 0 00:00:00  -  Total Local Usage
	0  -  Run Bytes Sent By Job
	0  -  Run Bytes Received By Job
	0  -  Total Bytes Sent By Job
	0  -  Total Bytes Received By Job
	Partitionable Resources :    Usage  Request Allocated 
	   Cpus                 :        0        1         1 
	   Disk (KB)            :        2  2097152   2098176 
	   GPUs                 :                           0 
	   Memory (MB)          :       14     4096      4096 
	   TimeExecute (s)      :       16                    
	   TimeSlotBusy (s)     :       16                    

	Job terminated of its own accord at 2026-04-10T03:03:16Z with exit-code 0.
...
